SELECT EXISTS (
    SELECT FROM 
        pg_tables
    WHERE  
        tablename  = 'small_world'
    );
 exists 
--------
 t
(1 row)

