BING BING WAHOO
SELECT COUNT(*) FROM small_world;
 count 
-------
    16
(1 row)

